// Jest Snapshot v1, https://goo.gl/fbAQLP

exports[`Tests on <AddCategory /> should show <AddCategory /> correctly 1`] = `
<form
  onSubmit={[Function]}
>
  <p />
  <input
    onChange={[Function]}
    placeholder="Hola Mundo"
    type="text"
    value=""
  />
</form>
`;
