// Jest Snapshot v1, https://goo.gl/fbAQLP

exports[`Tests on componetn <GifGridItem /> should display the component correctly 1`] = `
<div
  className="card animate__animated animate__delay-2s animate__fadeInDown"
>
  <img />
  <p />
</div>
`;
